/rules/trailing-comma-fail.js
  8:4  error  Parsing error: Type expected

/rules/trailing-comma.js
  3:7  error  Unexpected trailing comma  comma-dangle

âœ– 2 problems (2 errors, 0 warnings)
  1 error and 0 warnings potentially fixable with the `--fix` option.